// Vitest Snapshot v1, https://vitest.dev/guide/snapshot.html

exports[`html handler > common usage 1`] = `
"<!DOCTYPE html><html><head>
  <meta charset=\\"UTF-8\\">
  <meta name=\\"viewport\\" content=\\"width=device-width, initial-scale=1.0\\">
  <link href=\\"/main.css\\" rel=\\"stylesheet\\">
</head>

<body>
  <h1 class=\\"tw-a tw-b tw-c\\">
    Hello world!
  </h1>


</body></html>"
`;

exports[`html handler > trailing slash case 0 1`] = `
"<!DOCTYPE html><html lang=\\"en\\"><head>
  <meta charset=\\"UTF-8\\">
  <meta http-equiv=\\"X-UA-Compatible\\" content=\\"IE=edge\\">
  <meta name=\\"viewport\\" content=\\"width=device-width, initial-scale=1.0\\">
  <title>Document</title>
</head>

<body>
  <div>
    <div class=\\"tw-a\\">
      Block with bg-red-500/50 class
    </div>
    <div class=\\"tw-b\\">
      Block with bg-red-500 class
    </div>
  </div>


</body></html>"
`;

exports[`html handler > trailing slash case 1`] = `
"<!DOCTYPE html><html lang=\\"en\\"><head>
  <meta charset=\\"UTF-8\\">
  <meta http-equiv=\\"X-UA-Compatible\\" content=\\"IE=edge\\">
  <meta name=\\"viewport\\" content=\\"width=device-width, initial-scale=1.0\\">
  <title>Document</title>
</head>

<body>
  <div>
    <div class=\\"tw-a\\">
      Block with bg-red-500 class
    </div>
    <div class=\\"tw-b\\">
      Block with bg-red-500/50 class
    </div>
  </div>


</body></html>"
`;
