// Vitest Snapshot v1, https://vitest.dev/guide/snapshot.html

exports[`config > init config 1`] = `
"import { defineConfig } from 'tailwindcss-patch'

export default defineConfig({
  registry: {
    output: {
      file: '.tw-patch/tw-class-list.json',
    },
  },
  transformer: {
    registry: {
      file: '.tw-patch/tw-class-list.json',
    },
  },
})
"
`;
