// Vitest Snapshot v1, https://vitest.dev/guide/snapshot.html

exports[`defaults > getDefaultPatchConfig 1`] = `
{
  "output": {
    "filename": ".tw-patch/tw-class-list.json",
    "loose": true,
    "removeUniversalSelector": true,
  },
  "tailwindcss": {},
}
`;

exports[`defaults > getDefaultUserConfig 1`] = `
{
  "mangle": {
    "classListPath": ".tw-patch/tw-class-list.json",
    "classMapOutput": {
      "enable": false,
      "filename": ".tw-patch/tw-map-list.json",
      "loose": true,
    },
    "disabled": false,
    "exclude": [],
    "include": [
      /\\\\\\.\\(html\\|js\\|ts\\|jsx\\|tsx\\|vue\\|svelte\\|astro\\|elm\\|php\\|phtml\\|mdx\\|md\\)\\(\\?:\\$\\|\\\\\\?\\)/,
      /\\\\\\.\\(css\\|less\\|sass\\|scss\\|styl\\|stylus\\|pcss\\|postcss\\|sss\\)\\(\\?:\\$\\|\\\\\\?\\)/,
    ],
    "mangleClassFilter": [Function],
    "preserveFunction": [],
  },
  "patch": {
    "output": {
      "filename": ".tw-patch/tw-class-list.json",
      "loose": true,
      "removeUniversalSelector": true,
    },
    "tailwindcss": {},
  },
}
`;
