// Vitest Snapshot v1, https://vitest.dev/guide/snapshot.html

exports[`config > 2.transformer-options 1`] = `
{
  "registry": {
    "output": {
      "file": "xxx/yyy/zzz.json",
      "pretty": false,
      "stripUniversalSelector": false,
    },
    "tailwind": {
      "cwd": "aaa/bbb/cc",
    },
  },
  "transformer": {
    "disabled": false,
    "filter": [Function],
    "generator": {
      "log": true,
    },
    "preserve": {
      "classes": [],
      "functions": [],
    },
    "registry": {
      "file": "zzzzz.json",
      "mapping": {
        "enabled": true,
        "file": "ffff.json",
        "loose": false,
      },
    },
    "sources": {
      "exclude": [],
      "include": [
        "/\\.(html|js|ts|jsx|tsx|vue|svelte|astro|elm|php|phtml|mdx|md)(?:$|\\?)/",
        "/\\.(css|less|sass|scss|styl|stylus|pcss|postcss|sss)(?:$|\\?)/",
      ],
    },
  },
}
`;
