// Vitest Snapshot v1, https://vitest.dev/guide/snapshot.html

exports[`defaults > getDefaultPatchOptions 1`] = `
{
  "applyPatches": {
    "exportContext": true,
    "extendLengthUnits": false,
  },
  "overwrite": true,
}
`;
